// Jest Snapshot v1, https://goo.gl/fbAQLP

exports[`<App /> renders 1`] = `
<div>
  <div
    id="drawer-root"
  />
  <div
    id="modal-root"
  />
  <Jss(WithSizeClasses(Header)) />
  <Jss(Body)
    footerOffset={0}
  />
  <Jss(Footer)
    onSetHeight={[Function]}
  />
  <Connect(Jss(Settings)) />
  <Jss(Component)
    onCancel={[Function]}
    onLoadGame={[Function]}
    open={false}
  />
</div>
`;
