// Jest Snapshot v1, https://goo.gl/fbAQLP

exports[`paths matches snapshot 1`] = `undefined`;
